Document
    ↳ Paragraph
        ↳ Text - Text 
        ↳ Strong
            ↳ Text - strong 
            ↳ Emphasis
                ↳ Text - emphasis 
                ↳ Code - code
                ↳ Text -  
                ↳ Html Inline - <html>
