Text text. <html>     <head></head> </html> Text text.