Document
    ↳ Paragraph
        ↳ Text - Text text.
    ↳ Paragraph
        ↳ Text - Text text.
    ↳ Paragraph
        ↳ Text - Text text.
