Text text. 3.	One 4.	Two •	Three •	Four 5.	Five Text text.