Document
    ↳ Paragraph
        ↳ Text - Text text
        ↳ Soft Break
        ↳ Text - text text
