Heading This is a paragraph with inline elements <p></p> This is followed by a hard linebreak This is after the linebreak ​
this is a link this is an image this is a quote code block code block <html>     block </html> 1.	first item 2.	second item