Document
    ↳ Paragraph
        ↳ Text - Text text.
    ↳ Thematic Break
    ↳ Paragraph
        ↳ Text - Text text.
