Document
    ↳ Paragraph
        ↳ Text - Text text.
        ↳ Line Break
        ↳ Text - Text text.
