Document
    ↳ Heading - L1
        ↳ Text - Hello
    ↳ Paragraph
        ↳ Text - This is a 
        ↳ Strong
            ↳ Text - test!
